<html>
<body>
<pre>
<h1>礦ision Build Log</h1>
<h2>Tool Versions:</h2>
IDE-Version: μVision V5.37.0.0
Copyright (C) 2022 ARM Ltd and ARM Germany GmbH. All rights reserved.
License Information: yyy yyy, yyy, LIC=VGXG8-33LBM-KPXZY-IYUQU-TV5Y3-8T1M7
 
Tool Versions:
Toolchain:       MDK-ARM Plus  Version: 5.37.0.0
Toolchain Path:  F:\IDE\Keil5\ARM\ARMCC\Bin
C Compiler:      Armcc.exe V5.06 update 7 (build 960)
Assembler:       Armasm.exe V5.06 update 7 (build 960)
Linker/Locator:  ArmLink.exe V5.06 update 7 (build 960)
Library Manager: ArmAr.exe V5.06 update 7 (build 960)
Hex Converter:   FromElf.exe V5.06 update 7 (build 960)
CPU DLL:         SARMCM3.DLL V5.37.0.0
Dialog DLL:      DCM.DLL V1.17.5.0
Target DLL:      STLink\ST-LINKIII-KEIL_SWO.dll V3.0.9.0
Dialog DLL:      TCM.DLL V1.56.1.0
 
<h2>Project:</h2>
H:\BaiduSyncdisk\参考代码和文档\【正点原子】MiniSTM32F103开发板\【正点原子】MiniSTM32开发板资料-A盘\4，程序源码\4，程序源码\3，标准例程-HAL库版本\3，标准例程-HAL库版本\ALIENTEK MINISTM32 实验19 IIC实验\USER\IIC.uvprojx
Project File Date:  06/20/2023

<h2>Output:</h2>
*** Using Compiler 'V5.06 update 7 (build 960)', folder: 'F:\IDE\Keil5\ARM\ARMCC\Bin'
Rebuild target 'IIC'
assembling startup_stm32f103xe.s...
compiling main.c...
main.c(25): warning:  #177-D: variable "key"  was declared but never referenced
      u8 key;
main.c(26): warning:  #177-D: variable "i"  was declared but never referenced
  	u16 i=0;
main.c(27): warning:  #177-D: variable "datatemp"  was declared but never referenced
  	u8 datatemp[SIZE];	
main.c: 3 warnings, 0 errors
compiling stm32f1xx_hal_msp.c...
compiling stm32f1xx_hal_gpio_ex.c...
compiling stm32f1xx_hal_cortex.c...
compiling system_stm32f1xx.c...
compiling stm32f1xx_hal.c...
compiling stm32f1xx_hal_pwr.c...
compiling stm32f1xx_it.c...
compiling stm32f1xx_hal_gpio.c...
compiling stm32f1xx_hal_rcc.c...
compiling stm32f1xx_hal_rcc_ex.c...
compiling stm32f1xx_hal_uart.c...
compiling stm32f1xx_hal_dma.c...
compiling stm32f1xx_hal_usart.c...
compiling led.c...
compiling usart.c...
compiling key.c...
compiling delay.c...
compiling sys.c...
compiling stm32f1xx_hal_tim_ex.c...
compiling myiic.c...
compiling stm32f1xx_hal_tim.c...
compiling lcd.c...
compiling 24cxx.c...
compiling usmart.c...
compiling usmart_config.c...
compiling usmart_str.c...
linking...
Program Size: Code=12424 RO-data=568 RW-data=332 ZI-data=1964  
FromELF: creating hex file...
"..\OBJ\IIC.axf" - 0 Error(s), 3 Warning(s).

<h2>Software Packages used:</h2>

Package Vendor: Keil
                http://www.keil.com/pack/Keil.STM32F1xx_DFP.2.4.0.pack
                Keil.STM32F1xx_DFP.2.4.0
                STMicroelectronics STM32F1 Series Device Support, Drivers and Examples

<h2>Collection of Component include folders:</h2>
  F:/IDE/Keil5/Pack/Keil/STM32F1xx_DFP/2.4.0/Device/Include

<h2>Collection of Component Files used:</h2>
Build Time Elapsed:  00:00:01
</pre>
</body>
</html>
